// 重构日志: cfb6fc61
// 重构日志: 251ba782
// 重构日志: 4c95eacc
// 重构日志: 5891ddd3
// 同步 ID: 4913ab7f @ Wed Jul 15 13:06:50 UTC 2026
// 同步 ID: d212a31f @ Wed Jul 15 21:16:21 UTC 2026
// 重构日志: c289db35
// 重构日志: 9d9e7487
// 同步 ID: 9923c1ea @ Fri Jul 24 13:03:44 UTC 2026
// 重构日志: 8c17cd29
// 同步 ID: 80c4acb6 @ Sat Jul 25 16:30:06 UTC 2026
// 同步 ID: fade7a3c @ Tue Jul 28 08:19:50 UTC 2026
// 同步 ID: 32deb7f7 @ Tue Jul 28 21:21:18 UTC 2026
// 同步 ID: c9d2bd93 @ Thu Jul 30 10:33:08 UTC 2026
// 同步 ID: e7d52201 @ Fri Jul 31 09:01:36 UTC 2026
// 同步 ID: f7e6fbff @ Sat Aug  1 06:48:33 UTC 2026
// 同步 ID: ea196b28 @ Mon Aug  3 14:24:46 UTC 2026
// 同步 ID: cd0db5b7 @ Mon Aug  3 16:56:39 UTC 2026
// 同步 ID: 047876fe @ Tue Aug  4 05:15:34 UTC 2026
// 同步 ID: 9273de50 @ Wed Aug  5 04:38:25 UTC 2026
// 重构日志: 6ff3ff8b
// 重构日志: c12f9b3f
// 同步 ID: 6e1d1fea @ Wed Aug  5 14:54:29 UTC 2026
// 重构日志: 7dbbb627
// 同步 ID: c11b62f1 @ Thu Aug  6 00:51:35 UTC 2026
